Microchip MPLAB XC8 Compiler V2.10 ()

Linker command line:

-W-3 --edf=C:\Program Files (x86)\Microchip\xc8\v2.10\pic\dat\en_msgs.txt \
  -cs -h+dist/default/production\LAB5.X.production.sym \
  --cmf=dist/default/production\LAB5.X.production.cmf -z -Q16F887 \
  -oC:\Users\egman\AppData\Local\Temp\saqs.2 --defsym=__MPLAB_BUILD=1 \
  -Mdist/default/production/LAB5.X.production.map -E1 -ver=XC8 --acfsm=1493 \
  -ASTACK=0110h-016Fh -pstack=STACK -ACODE=00h-07FFhx4 -ASTRCODE=00h-01FFFh \
  -ASTRING=00h-0FFhx32 -ACONST=00h-0FFhx32 -AENTRY=00h-0FFhx32 \
  -ACOMMON=070h-07Fh -ABANK0=020h-06Fh -ABANK1=0A0h-0EFh \
  -ABANK2=0110h-016Fh -ABANK3=0190h-01EFh \
  -ARAM=020h-06Fh,0A0h-0EFh,0110h-016Fh,0190h-01EFh \
  -AABS1=020h-07Fh,0A0h-0EFh,0110h-016Fh,0190h-01EFh -ASFR0=00h-01Fh \
  -ASFR1=080h-09Fh -ASFR2=0100h-010Fh -ASFR3=0180h-018Fh \
  -preset_vec=00h,intentry,init,end_init -ppowerup=CODE -pcinit=CODE \
  -pfunctab=ENTRY -ACONFIG=02007h-02008h -pconfig=CONFIG -DCONFIG=2 \
  -AIDLOC=02000h-02003h -pidloc=IDLOC -DIDLOC=2 -AEEDATA=00h-0FFh/02100h \
  -peeprom_data=EEDATA -DEEDATA=2 -DCODE=2 -DSTRCODE=2 -DSTRING=2 -DCONST=2 \
  -DENTRY=2 -k C:\Users\egman\AppData\Local\Temp\saqs.o \
  dist/default/production\LAB5.X.production.o 

Object code version is 3.11

Machine type is 16F887



                Name                               Link     Load   Length Selector   Space Scale
C:\Users\egman\AppData\Local\Temp\saqs.o
                end_init                              0        0        3        0       0
                config                             2007     2007        2     400E       0
dist/default/production\LAB5.X.production.o
                cinit                               7F3      7F3        D      FE6       0
                text22                               9C       9C       69      138       0
                text21                              F41      F41       59     1E82       0
                text20                              E07      E07       18     1C0E       0
                text19                              E1F      E1F       19     1C3E       0
                text18                              EAE      EAE       2D     1D5C       0
                text17                              DC6      DC6       15     1B8C       0
                text16                              DDB      DDB       15     1BB6       0
                text15                              E38      E38       1F     1C70       0
                text14                              E57      E57       2B     1CAE       0
                text13                              5C9      5C9      22A      B92       0
                text12                               8F       8F        D      11E       0
                text11                              EDB      EDB       2E     1DB6       0
                text10                              DAA      DAA        9     1B54       0
                text9                               DB3      DB3        9     1B66       0
                text8                               DBC      DBC        A     1B78       0
                text7                               235      235      16D      46A       0
                text6                               E82      E82       2C     1D04       0
                text5                               3A2      3A2      227      744       0
                text4                               F9A      F9A       66     1F34       0
                text3                               F09      F09       38     1E12       0
                text2                               DF0      DF0       17     1BE0       0
                text1                               D9B      D9B        7     1B36       0
                maintext                            105      105      130      20A       0
                cstackBANK0                          20       20       1A       20       1
                cstackCOMMON                         70       70        E       70       1
                clrtext                             DA2      DA2        8     1B44       0
                bssBANK0                             3A       3A       16       20       1
                strings                               3        3       87        6       0

TOTAL           Name                               Link     Load   Length     Space
        CLASS   STACK          

        CLASS   CODE           
                end_init                              0        0        3         0
                cinit                               7F3      7F3        D         0
                text22                               9C       9C       69         0
                text21                              F41      F41       59         0
                text20                              E07      E07       18         0
                text19                              E1F      E1F       19         0
                text18                              EAE      EAE       2D         0
                text17                              DC6      DC6       15         0
                text16                              DDB      DDB       15         0
                text15                              E38      E38       1F         0
                text14                              E57      E57       2B         0
                text13                              5C9      5C9      22A         0
                text12                               8F       8F        D         0
                text11                              EDB      EDB       2E         0
                text10                              DAA      DAA        9         0
                text9                               DB3      DB3        9         0
                text8                               DBC      DBC        A         0
                text7                               235      235      16D         0
                text6                               E82      E82       2C         0
                text5                               3A2      3A2      227         0
                text4                               F9A      F9A       66         0
                text3                               F09      F09       38         0
                text2                               DF0      DF0       17         0
                text1                               D9B      D9B        7         0
                maintext                            105      105      130         0
                clrtext                             DA2      DA2        8         0

        CLASS   STRCODE        

        CLASS   STRING         
                strings                               3        3       87         0

        CLASS   CONST          

        CLASS   ENTRY          

        CLASS   COMMON         
                cstackCOMMON                         70       70        E         1

        CLASS   BANK0          
                cstackBANK0                          20       20       1A         1
                bssBANK0                             3A       3A       16         1

        CLASS   BANK1          

        CLASS   BANK2          

        CLASS   BANK3          

        CLASS   RAM            

        CLASS   ABS1           
                abs_s1                               7E       7E        2         1

        CLASS   SFR0           

        CLASS   SFR1           

        CLASS   SFR2           

        CLASS   SFR3           

        CLASS   CONFIG         
                config                             2007     2007        2         0

        CLASS   IDLOC          

        CLASS   EEDATA         



SEGMENTS        Name                           Load    Length   Top    Selector   Space  Class     Delta

                reset_vec                      000000  000003  000003         0       0  CODE        2
                strings                        000003  000087  00008A         6       0  STRING      2
                cstackBANK0                    000020  000030  000050        20       1  BANK0       1
                cstackCOMMON                   000070  00000E  00007E        70       1  COMMON      1
                text12                         00008F  00000D  00009C       11E       0  CODE        2
                text22                         00009C  000069  000105       138       0  CODE        2
                maintext                       000105  000130  000235       20A       0  CODE        2
                text7                          000235  00016D  0003A2       46A       0  CODE        2
                text5                          0003A2  000227  0005C9       744       0  CODE        2
                text13                         0005C9  00022A  0007F3       B92       0  CODE        2
                cinit                          0007F3  00000D  000800       FE6       0  CODE        2
                text1                          000D9B  000007  000DA2      1B36       0  CODE        2
                clrtext                        000DA2  000008  000DAA      1B44       0  CODE        2
                text10                         000DAA  000009  000DB3      1B54       0  CODE        2
                text9                          000DB3  000009  000DBC      1B66       0  CODE        2
                text8                          000DBC  00000A  000DC6      1B78       0  CODE        2
                text17                         000DC6  000015  000DDB      1B8C       0  CODE        2
                text16                         000DDB  000015  000DF0      1BB6       0  CODE        2
                text2                          000DF0  000017  000E07      1BE0       0  CODE        2
                text20                         000E07  000018  000E1F      1C0E       0  CODE        2
                text19                         000E1F  000019  000E38      1C3E       0  CODE        2
                text15                         000E38  00001F  000E57      1C70       0  CODE        2
                text14                         000E57  00002B  000E82      1CAE       0  CODE        2
                text6                          000E82  00002C  000EAE      1D04       0  CODE        2
                text18                         000EAE  00002D  000EDB      1D5C       0  CODE        2
                text11                         000EDB  00002E  000F09      1DB6       0  CODE        2
                text3                          000F09  000038  000F41      1E12       0  CODE        2
                text21                         000F41  000059  000F9A      1E82       0  CODE        2
                text4                          000F9A  000066  001000      1F34       0  CODE        2
                config                         002007  000002  002009      400E       0  CONFIG      2


UNUSED ADDRESS RANGES

        Name                Unused          Largest block    Delta
        BANK0            0050-006F             20           1
        BANK1            00A0-00EF             50           1
        BANK2            0110-016F             60           1
        BANK3            0190-01EF             60           1
        CODE             008A-008E              5           2
                         0800-0D9A            59B
                         1000-1FFF            800
        CONST            008A-008E              5           2
                         0800-0D9A            100
                         1000-1FFF            100
        EEDATA           2100-21FF            100           2
        ENTRY            008A-008E              5           2
                         0800-0D9A            100
                         1000-1FFF            100
        IDLOC            2000-2003              4           2
        RAM              0050-006F             20           1
                         00A0-00EF             50
                         0110-016F             60
                         0190-01EF             60
        SFR0             0000-001F             20           1
        SFR1             0080-009F             20           1
        SFR2             0100-010F             10           1
        SFR3             0180-018F             10           1
        STACK            0110-016F             60           1
        STRCODE          008A-008E              5           2
                         0800-0D9A            59B
                         1000-1FFF           1000
        STRING           008A-008E              5           2
                         0800-0D9A            100
                         1000-1FFF            100

                                  Symbol Table

?_I2C_Master_Read          cstackCOMMON 0070
?___awdiv                  cstackCOMMON 0077
?___awmod                  cstackCOMMON 0070
?___lldiv                  cstackCOMMON 0070
Control@valor              cstackCOMMON 0077
FOTORESIS@centesimas       cstackBANK0  0031
FOTORESIS@coordenada       cstackBANK0  0038
FOTORESIS@decimas          cstackBANK0  0030
FOTORESIS@i                cstackBANK0  0034
FOTORESIS@numero           cstackBANK0  0029
FOTORESIS@result           cstackBANK0  0036
FOTORESIS@unidades         cstackBANK0  002F
FOTORESIS@valor            cstackBANK0  0037
I2C_Master_Init@c          cstackBANK0  0020
I2C_Master_Read@a          cstackCOMMON 0070
I2C_Master_Read@temp       cstackCOMMON 0074
I2C_Master_Write@d         cstackCOMMON 0070
LCDCONT@x                  cstackBANK0  0021
LCDCONT@z                  cstackBANK0  0023
ON@valor1                  cstackCOMMON 0075
POTENCIOMETRO@centesimas   cstackBANK0  0031
POTENCIOMETRO@coordenada   cstackBANK0  0038
POTENCIOMETRO@decimas      cstackBANK0  0030
POTENCIOMETRO@i            cstackBANK0  0034
POTENCIOMETRO@numero       cstackBANK0  0029
POTENCIOMETRO@result       cstackBANK0  0036
POTENCIOMETRO@unidades     cstackBANK0  002F
POTENCIOMETRO@valor        cstackBANK0  0037
_ANSEL                     (abs)        0188
_ANSELH                    (abs)        0189
_CONT                      bssBANK0     004C
_Control                   text17       0DC6
_FOTO                      bssBANK0     004A
_FOTORESIS                 text13       05C9
_FOTORESIS$952             cstackBANK0  0032
_GIE                       (abs)        005F
_I2C_Master_Init           text3        0F09
_I2C_Master_Read           text11       0EDB
_I2C_Master_Start          text10       0DAA
_I2C_Master_Stop           text9        0DB3
_I2C_Master_Wait           text12       008F
_I2C_Master_Write          text8        0DBC
_LCDCONT                   text7        0235
_LCDvalue                  text6        0E82
_ON                        text16       0DDB
_PEIE                      (abs)        005E
_PORTB                     (abs)        0006
_PORTDbits                 (abs)        0008
_POT                       bssBANK0     004E
_POTENCIOMETRO             text5        03A2
_POTENCIOMETRO$951         cstackBANK0  0032
_Properties                text2        0DF0
_SSPADD                    (abs)        0093
_SSPBUF                    (abs)        0013
_SSPCON                    (abs)        0014
_SSPCON2                   (abs)        0091
_SSPCON2bits               (abs)        0091
_SSPIE                     (abs)        0463
_SSPIF                     (abs)        0063
_SSPSTAT                   (abs)        0094
_TRISA                     (abs)        0085
_TRISB                     (abs)        0086
_TRISC3                    (abs)        043B
_TRISC4                    (abs)        043C
_TRISCbits                 (abs)        0087
_TRISDbits                 (abs)        0088
_Tiempocontrol             text19       0E1F
__CFG_BOR4V$BOR40V         (abs)        0000
__CFG_BOREN$ON             (abs)        0000
__CFG_CP$OFF               (abs)        0000
__CFG_CPD$OFF              (abs)        0000
__CFG_FCMEN$OFF            (abs)        0000
__CFG_FOSC$INTRC_CLKOUT    (abs)        0000
__CFG_IESO$OFF             (abs)        0000
__CFG_LVP$OFF              (abs)        0000
__CFG_MCLRE$ON             (abs)        0000
__CFG_PWRTE$OFF            (abs)        0000
__CFG_WDTE$OFF             (abs)        0000
__CFG_WRT$OFF              (abs)        0000
__Habs1                    abs1         0000
__Hbank0                   bank0        0000
__Hbank1                   bank1        0000
__Hbank2                   bank2        0000
__Hbank3                   bank3        0000
__HbssBANK0                bssBANK0     0000
__Hcinit                   cinit        0800
__Hclrtext                 clrtext      0000
__Hcode                    code         0000
__Hcommon                  common       0000
__Hconfig                  config       2009
__HcstackBANK0             cstackBANK0  0000
__HcstackCOMMON            cstackCOMMON 0000
__Heeprom_data             eeprom_data  0000
__Hend_init                end_init     0003
__Hfunctab                 functab      0000
__Hidloc                   idloc        0000
__Hinit                    init         0000
__Hintentry                intentry     0000
__Hmaintext                maintext     0000
__Hpowerup                 powerup      0000
__Hram                     ram          0000
__Hreset_vec               reset_vec    0000
__Hsfr0                    sfr0         0000
__Hsfr1                    sfr1         0000
__Hsfr2                    sfr2         0000
__Hsfr3                    sfr3         0000
__Hspace_0                 (abs)        2009
__Hspace_1                 (abs)        007E
__Hspace_2                 (abs)        0000
__Hspace_3                 (abs)        0000
__Hstack                   stack        0000
__Hstrings                 strings      0000
__Htext                    text         0000
__Labs1                    abs1         0000
__Lbank0                   bank0        0000
__Lbank1                   bank1        0000
__Lbank2                   bank2        0000
__Lbank3                   bank3        0000
__LbssBANK0                bssBANK0     0000
__Lcinit                   cinit        07F3
__Lclrtext                 clrtext      0000
__Lcode                    code         0000
__Lcommon                  common       0000
__Lconfig                  config       2007
__LcstackBANK0             cstackBANK0  0000
__LcstackCOMMON            cstackCOMMON 0000
__Leeprom_data             eeprom_data  0000
__Lend_init                end_init     0000
__Lfunctab                 functab      0000
__Lidloc                   idloc        0000
__Linit                    init         0000
__Lintentry                intentry     0000
__Lmaintext                maintext     0000
__Lpowerup                 powerup      0000
__Lram                     ram          0000
__Lreset_vec               reset_vec    0000
__Lsfr0                    sfr0         0000
__Lsfr1                    sfr1         0000
__Lsfr2                    sfr2         0000
__Lsfr3                    sfr3         0000
__Lspace_0                 (abs)        0000
__Lspace_1                 (abs)        0000
__Lspace_2                 (abs)        0000
__Lspace_3                 (abs)        0000
__Lstack                   stack        0000
__Lstrings                 strings      0000
__Ltext                    text         0000
__S0                       (abs)        2009
__S1                       (abs)        007E
__S2                       (abs)        0000
__S3                       (abs)        0000
___awdiv                   text22       009C
___awdiv@counter           cstackBANK0  0020
___awdiv@dividend          cstackCOMMON 0079
___awdiv@divisor           cstackCOMMON 0077
___awdiv@quotient          cstackBANK0  0022
___awdiv@sign              cstackBANK0  0021
___awmod                   text21       0F41
___awmod@counter           cstackCOMMON 0075
___awmod@dividend          cstackCOMMON 0072
___awmod@divisor           cstackCOMMON 0070
___awmod@sign              cstackCOMMON 0076
___int_sp                  stack        0000
___latbits                 (abs)        0002
___lldiv                   text4        0F9A
___lldiv@counter           cstackCOMMON 007D
___lldiv@dividend          cstackCOMMON 0074
___lldiv@divisor           cstackCOMMON 0070
___lldiv@quotient          cstackCOMMON 0079
___sp                      stack        0000
___stackhi                 (abs)        0000
___stacklo                 (abs)        0000
__end_of_Control           text17       0DDB
__end_of_FOTORESIS         text13       07F3
__end_of_I2C_Master_Init   text3        0F41
__end_of_I2C_Master_Read   text11       0F09
__end_of_I2C_Master_Start  text10       0DB3
__end_of_I2C_Master_Stop   text9        0DBC
__end_of_I2C_Master_Wait   text12       009C
__end_of_I2C_Master_Write  text8        0DC6
__end_of_LCDCONT           text7        03A2
__end_of_LCDvalue          text6        0EAE
__end_of_ON                text16       0DF0
__end_of_POTENCIOMETRO     text5        05C9
__end_of_Properties        text2        0E07
__end_of_Tiempocontrol     text19       0E38
__end_of___awdiv           text22       0105
__end_of___awmod           text21       0F9A
__end_of___lldiv           text4        1000
__end_of__initialization   cinit        07FC
__end_of__stringtab        strings      0009
__end_of_clean             text1        0DA2
__end_of_delay_ms          text18       0EDB
__end_of_delay_us          text20       0E1F
__end_of_impresion         text15       0E57
__end_of_lcddirection      text14       0E82
__end_of_main              maintext     0235
__initialization           cinit        07F3
__pbssBANK0                bssBANK0     003A
__pcstackBANK0             cstackBANK0  0020
__pcstackCOMMON            cstackCOMMON 0070
__pmaintext                maintext     0105
__pstrings                 strings      0003
__ptext1                   text1        0D9B
__ptext10                  text10       0DAA
__ptext11                  text11       0EDB
__ptext12                  text12       008F
__ptext13                  text13       05C9
__ptext14                  text14       0E57
__ptext15                  text15       0E38
__ptext16                  text16       0DDB
__ptext17                  text17       0DC6
__ptext18                  text18       0EAE
__ptext19                  text19       0E1F
__ptext2                   text2        0DF0
__ptext20                  text20       0E07
__ptext21                  text21       0F41
__ptext22                  text22       009C
__ptext3                   text3        0F09
__ptext4                   text4        0F9A
__ptext5                   text5        03A2
__ptext6                   text6        0E82
__ptext7                   text7        0235
__ptext8                   text8        0DBC
__ptext9                   text9        0DB3
__size_of_Control          (abs)        0000
__size_of_FOTORESIS        (abs)        0000
__size_of_I2C_Master_Init  (abs)        0000
__size_of_I2C_Master_Read  (abs)        0000
__size_of_I2C_Master_Start (abs)        0000
__size_of_I2C_Master_Stop  (abs)        0000
__size_of_I2C_Master_Wait  (abs)        0000
__size_of_I2C_Master_Write (abs)        0000
__size_of_LCDCONT          (abs)        0000
__size_of_LCDvalue         (abs)        0000
__size_of_ON               (abs)        0000
__size_of_POTENCIOMETRO    (abs)        0000
__size_of_Properties       (abs)        0000
__size_of_Tiempocontrol    (abs)        0000
__size_of___awdiv          (abs)        0000
__size_of___awmod          (abs)        0000
__size_of___lldiv          (abs)        0000
__size_of_clean            (abs)        0000
__size_of_delay_ms         (abs)        0000
__size_of_delay_us         (abs)        0000
__size_of_impresion        (abs)        0000
__size_of_lcddirection     (abs)        0000
__size_of_main             (abs)        0000
__stringbase               strings      0008
__stringtab                strings      0003
_clean                     text1        0D9B
_delay_ms                  text18       0EAE
_delay_us                  text20       0E07
_impresion                 text15       0E38
_lcddirection              text14       0E57
_main                      maintext     0105
btemp                      (abs)        007E
clear_ram0                 clrtext      0DA2
delay_ms@dms               cstackCOMMON 0070
delay_ms@i                 cstackCOMMON 0073
delay_ms@j                 cstackCOMMON 0075
delay_us@dus               cstackCOMMON 0070
delay_us@i                 cstackCOMMON 0073
end_of_initialization      cinit        07FC
impresion@valor            cstackCOMMON 0077
intlevel0                  functab      0000
intlevel1                  functab      0000
intlevel2                  functab      0000
intlevel3                  functab      0000
intlevel4                  functab      0000
intlevel5                  functab      0000
lcddirection@posicion      cstackBANK0  0020
lcddirection@valor         cstackCOMMON 007C
lcddirection@x             cstackCOMMON 0078
lcddirection@y             cstackCOMMON 007A
reset_vec                  reset_vec    0000
start                      init         0000
start_initialization       cinit        07F3
wtemp0                     (abs)        007E


FUNCTION INFORMATION:

 *************** function _main *****************
 Defined at:
		line 42 in file "MASTALCD.c"
 Parameters:    Size  Location     Type
		None
 Auto vars:     Size  Location     Type
		None
 Return value:  Size  Location     Type
                  1    wreg      void 
 Registers used:
		wreg, fsr0l, fsr0h, status,2, status,0, btemp+1, pclath, cstack
 Tracked objects:
		On entry : 
		On exit  : 
		Unchanged: 
 Data sizes:     COMMON   BANK0   BANK1   BANK3   BANK2
      Params:         0       0       0       0       0
      Locals:         0       0       0       0       0
      Temps:          0       1       0       0       0
      Totals:         0       1       0       0       0
Total ram usage:        1 bytes
 Hardware stack levels required when called:    6
 This function calls:
		_FOTORESIS
		_I2C_Master_Read
		_I2C_Master_Start
		_I2C_Master_Stop
		_I2C_Master_Write
		_LCDCONT
		_LCDvalue
		_POTENCIOMETRO
		_Properties
		_clean
		_delay_ms
		_lcddirection
 This function is called by:
		Startup code after reset
 This function uses a non-reentrant model


 *************** function _clean *****************
 Defined at:
		line 255 in file "LibreriaLCD.c"
 Parameters:    Size  Location     Type
		None
 Auto vars:     Size  Location     Type
		None
 Return value:  Size  Location     Type
                  1    wreg      void 
 Registers used:
		wreg, status,2, status,0, btemp+1, pclath, cstack
 Tracked objects:
		On entry : 
		On exit  : 
		Unchanged: 
 Data sizes:     COMMON   BANK0   BANK1   BANK3   BANK2
      Params:         0       0       0       0       0
      Locals:         0       0       0       0       0
      Temps:          0       0       0       0       0
      Totals:         0       0       0       0       0
Total ram usage:        0 bytes
 Hardware stack levels used:    1
 Hardware stack levels required when called:    3
 This function calls:
		_Control
 This function is called by:
		_main
 This function uses a non-reentrant model


 *************** function _Properties *****************
 Defined at:
		line 35 in file "MASTALCD.c"
 Parameters:    Size  Location     Type
		None
 Auto vars:     Size  Location     Type
		None
 Return value:  Size  Location     Type
                  1    wreg      void 
 Registers used:
		wreg, status,2, status,0, pclath, cstack
 Tracked objects:
		On entry : 
		On exit  : 
		Unchanged: 
 Data sizes:     COMMON   BANK0   BANK1   BANK3   BANK2
      Params:         0       0       0       0       0
      Locals:         0       0       0       0       0
      Temps:          0       0       0       0       0
      Totals:         0       0       0       0       0
Total ram usage:        0 bytes
 Hardware stack levels used:    1
 Hardware stack levels required when called:    2
 This function calls:
		_I2C_Master_Init
 This function is called by:
		_main
 This function uses a non-reentrant model


 *************** function _I2C_Master_Init *****************
 Defined at:
		line 4 in file "I2C.c"
 Parameters:    Size  Location     Type
  c               4    0[BANK0 ] const unsigned long 
 Auto vars:     Size  Location     Type
		None
 Return value:  Size  Location     Type
                  1    wreg      void 
 Registers used:
		wreg, status,2, status,0, pclath, cstack
 Tracked objects:
		On entry : 
		On exit  : 
		Unchanged: 
 Data sizes:     COMMON   BANK0   BANK1   BANK3   BANK2
      Params:         0       4       0       0       0
      Locals:         0       0       0       0       0
      Temps:          0       4       0       0       0
      Totals:         0       8       0       0       0
Total ram usage:        8 bytes
 Hardware stack levels used:    1
 Hardware stack levels required when called:    1
 This function calls:
		___lldiv
 This function is called by:
		_Properties
 This function uses a non-reentrant model


 *************** function ___lldiv *****************
 Defined at:
		line 5 in file "C:\Program Files (x86)\Microchip\xc8\v2.10\pic\sources\c90\common\__lldiv.c"
 Parameters:    Size  Location     Type
  divisor         4    0[COMMON] unsigned long 
  dividend        4    4[COMMON] unsigned long 
 Auto vars:     Size  Location     Type
  quotient        4    9[COMMON] unsigned long 
  counter         1   13[COMMON] unsigned char 
 Return value:  Size  Location     Type
                  4    0[COMMON] unsigned long 
 Registers used:
		wreg, status,2, status,0
 Tracked objects:
		On entry : 
		On exit  : 
		Unchanged: 
 Data sizes:     COMMON   BANK0   BANK1   BANK3   BANK2
      Params:         8       0       0       0       0
      Locals:         5       0       0       0       0
      Temps:          1       0       0       0       0
      Totals:        14       0       0       0       0
Total ram usage:       14 bytes
 Hardware stack levels used:    1
 This function calls:
		Nothing
 This function is called by:
		_I2C_Master_Init
 This function uses a non-reentrant model


 *************** function _POTENCIOMETRO *****************
 Defined at:
		line 150 in file "LibreriaLCD.c"
 Parameters:    Size  Location     Type
  result          1    wreg     unsigned char 
 Auto vars:     Size  Location     Type
  result          1   22[BANK0 ] unsigned char 
  i               2   20[BANK0 ] int 
  numero          6    9[BANK0 ] int [3]
  coordenada      1   24[BANK0 ] unsigned char 
  valor           1   23[BANK0 ] unsigned char 
  centesimas      1   17[BANK0 ] unsigned char 
  decimas         1   16[BANK0 ] unsigned char 
  unidades        1   15[BANK0 ] unsigned char 
 Return value:  Size  Location     Type
                  1    wreg      void 
 Registers used:
		wreg, fsr0l, fsr0h, status,2, status,0, btemp+1, pclath, cstack
 Tracked objects:
		On entry : 
		On exit  : 
		Unchanged: 
 Data sizes:     COMMON   BANK0   BANK1   BANK3   BANK2
      Params:         0       0       0       0       0
      Locals:         0      16       0       0       0
      Temps:          0       5       0       0       0
      Totals:         0      21       0       0       0
Total ram usage:       21 bytes
 Hardware stack levels used:    1
 Hardware stack levels required when called:    5
 This function calls:
		___awdiv
		___awmod
		_lcddirection
 This function is called by:
		_main
 This function uses a non-reentrant model


 *************** function _LCDvalue *****************
 Defined at:
		line 51 in file "LibreriaLCD.c"
 Parameters:    Size  Location     Type
		None
 Auto vars:     Size  Location     Type
		None
 Return value:  Size  Location     Type
                  1    wreg      void 
 Registers used:
		wreg, status,2, status,0, btemp+1, pclath, cstack
 Tracked objects:
		On entry : 
		On exit  : 
		Unchanged: 
 Data sizes:     COMMON   BANK0   BANK1   BANK3   BANK2
      Params:         0       0       0       0       0
      Locals:         0       0       0       0       0
      Temps:          0       0       0       0       0
      Totals:         0       0       0       0       0
Total ram usage:        0 bytes
 Hardware stack levels used:    1
 Hardware stack levels required when called:    3
 This function calls:
		_Control
		_delay_ms
 This function is called by:
		_main
 This function uses a non-reentrant model


 *************** function _LCDCONT *****************
 Defined at:
		line 91 in file "LibreriaLCD.c"
 Parameters:    Size  Location     Type
  x               2    1[BANK0 ] int 
  z               2    3[BANK0 ] int 
 Auto vars:     Size  Location     Type
		None
 Return value:  Size  Location     Type
                  1    wreg      void 
 Registers used:
		wreg, fsr0l, fsr0h, status,2, status,0, btemp+1, pclath, cstack
 Tracked objects:
		On entry : 
		On exit  : 
		Unchanged: 
 Data sizes:     COMMON   BANK0   BANK1   BANK3   BANK2
      Params:         0       4       0       0       0
      Locals:         0       0       0       0       0
      Temps:          0       1       0       0       0
      Totals:         0       5       0       0       0
Total ram usage:        5 bytes
 Hardware stack levels used:    1
 Hardware stack levels required when called:    5
 This function calls:
		_lcddirection
 This function is called by:
		_main
 This function uses a non-reentrant model


 *************** function _I2C_Master_Write *****************
 Defined at:
		line 32 in file "I2C.c"
 Parameters:    Size  Location     Type
  d               2    0[COMMON] unsigned int 
 Auto vars:     Size  Location     Type
		None
 Return value:  Size  Location     Type
                  1    wreg      void 
 Registers used:
		wreg, status,2, status,0, pclath, cstack
 Tracked objects:
		On entry : 
		On exit  : 
		Unchanged: 
 Data sizes:     COMMON   BANK0   BANK1   BANK3   BANK2
      Params:         2       0       0       0       0
      Locals:         0       0       0       0       0
      Temps:          0       0       0       0       0
      Totals:         2       0       0       0       0
Total ram usage:        2 bytes
 Hardware stack levels used:    1
 Hardware stack levels required when called:    1
 This function calls:
		_I2C_Master_Wait
 This function is called by:
		_main
 This function uses a non-reentrant model


 *************** function _I2C_Master_Stop *****************
 Defined at:
		line 27 in file "I2C.c"
 Parameters:    Size  Location     Type
		None
 Auto vars:     Size  Location     Type
		None
 Return value:  Size  Location     Type
                  1    wreg      void 
 Registers used:
		wreg, status,2, status,0, pclath, cstack
 Tracked objects:
		On entry : 
		On exit  : 
		Unchanged: 
 Data sizes:     COMMON   BANK0   BANK1   BANK3   BANK2
      Params:         0       0       0       0       0
      Locals:         0       0       0       0       0
      Temps:          0       0       0       0       0
      Totals:         0       0       0       0       0
Total ram usage:        0 bytes
 Hardware stack levels used:    1
 Hardware stack levels required when called:    1
 This function calls:
		_I2C_Master_Wait
 This function is called by:
		_main
 This function uses a non-reentrant model


 *************** function _I2C_Master_Start *****************
 Defined at:
		line 17 in file "I2C.c"
 Parameters:    Size  Location     Type
		None
 Auto vars:     Size  Location     Type
		None
 Return value:  Size  Location     Type
                  1    wreg      void 
 Registers used:
		wreg, status,2, status,0, pclath, cstack
 Tracked objects:
		On entry : 
		On exit  : 
		Unchanged: 
 Data sizes:     COMMON   BANK0   BANK1   BANK3   BANK2
      Params:         0       0       0       0       0
      Locals:         0       0       0       0       0
      Temps:          0       0       0       0       0
      Totals:         0       0       0       0       0
Total ram usage:        0 bytes
 Hardware stack levels used:    1
 Hardware stack levels required when called:    1
 This function calls:
		_I2C_Master_Wait
 This function is called by:
		_main
 This function uses a non-reentrant model


 *************** function _I2C_Master_Read *****************
 Defined at:
		line 37 in file "I2C.c"
 Parameters:    Size  Location     Type
  a               2    0[COMMON] unsigned short 
 Auto vars:     Size  Location     Type
  temp            2    4[COMMON] unsigned short 
 Return value:  Size  Location     Type
                  2    0[COMMON] unsigned short 
 Registers used:
		wreg, status,2, status,0, pclath, cstack
 Tracked objects:
		On entry : 
		On exit  : 
		Unchanged: 
 Data sizes:     COMMON   BANK0   BANK1   BANK3   BANK2
      Params:         2       0       0       0       0
      Locals:         2       0       0       0       0
      Temps:          2       0       0       0       0
      Totals:         6       0       0       0       0
Total ram usage:        6 bytes
 Hardware stack levels used:    1
 Hardware stack levels required when called:    1
 This function calls:
		_I2C_Master_Wait
 This function is called by:
		_main
 This function uses a non-reentrant model


 *************** function _I2C_Master_Wait *****************
 Defined at:
		line 13 in file "I2C.c"
 Parameters:    Size  Location     Type
		None
 Auto vars:     Size  Location     Type
		None
 Return value:  Size  Location     Type
                  1    wreg      void 
 Registers used:
		wreg, status,2
 Tracked objects:
		On entry : 
		On exit  : 
		Unchanged: 
 Data sizes:     COMMON   BANK0   BANK1   BANK3   BANK2
      Params:         0       0       0       0       0
      Locals:         0       0       0       0       0
      Temps:          0       0       0       0       0
      Totals:         0       0       0       0       0
Total ram usage:        0 bytes
 Hardware stack levels used:    1
 This function calls:
		Nothing
 This function is called by:
		_I2C_Master_Start
		_I2C_Master_Stop
		_I2C_Master_Write
		_I2C_Master_Read
		_I2C_Master_RepeatedStart
 This function uses a non-reentrant model


 *************** function _FOTORESIS *****************
 Defined at:
		line 202 in file "LibreriaLCD.c"
 Parameters:    Size  Location     Type
  result          1    wreg     unsigned char 
 Auto vars:     Size  Location     Type
  result          1   22[BANK0 ] unsigned char 
  i               2   20[BANK0 ] int 
  numero          6    9[BANK0 ] int [3]
  coordenada      1   24[BANK0 ] unsigned char 
  valor           1   23[BANK0 ] unsigned char 
  centesimas      1   17[BANK0 ] unsigned char 
  decimas         1   16[BANK0 ] unsigned char 
  unidades        1   15[BANK0 ] unsigned char 
 Return value:  Size  Location     Type
                  1    wreg      void 
 Registers used:
		wreg, fsr0l, fsr0h, status,2, status,0, btemp+1, pclath, cstack
 Tracked objects:
		On entry : 
		On exit  : 
		Unchanged: 
 Data sizes:     COMMON   BANK0   BANK1   BANK3   BANK2
      Params:         0       0       0       0       0
      Locals:         0      16       0       0       0
      Temps:          0       5       0       0       0
      Totals:         0      21       0       0       0
Total ram usage:       21 bytes
 Hardware stack levels used:    1
 Hardware stack levels required when called:    5
 This function calls:
		___awdiv
		___awmod
		_lcddirection
 This function is called by:
		_main
 This function uses a non-reentrant model


 *************** function _lcddirection *****************
 Defined at:
		line 73 in file "LibreriaLCD.c"
 Parameters:    Size  Location     Type
  x               2    8[COMMON] int 
  y               2   10[COMMON] int 
  valor           1   12[COMMON] PTR unsigned char 
		 -> STR_43(2), STR_42(2), STR_41(2), STR_40(2), 
		 -> STR_39(2), STR_38(2), STR_37(2), STR_36(2), 
		 -> STR_35(2), STR_34(2), STR_33(2), STR_32(2), 
		 -> STR_31(2), STR_30(2), STR_29(2), STR_28(2), 
		 -> STR_27(2), STR_26(2), STR_25(2), STR_24(2), 
		 -> STR_23(3), STR_22(3), STR_21(3), STR_20(3), 
		 -> STR_19(3), STR_18(3), STR_17(3), STR_16(3), 
		 -> STR_15(3), STR_14(3), STR_13(3), STR_12(3), 
		 -> STR_11(3), STR_10(3), STR_9(3), STR_8(3), 
		 -> STR_7(3), STR_6(17), STR_5(17), STR_4(6), 
		 -> STR_3(16), STR_2(6), STR_1(16), 
 Auto vars:     Size  Location     Type
  posicion        1    0[BANK0 ] unsigned char 
 Return value:  Size  Location     Type
                  1    wreg      void 
 Registers used:
		wreg, fsr0l, fsr0h, status,2, status,0, btemp+1, pclath, cstack
 Tracked objects:
		On entry : 
		On exit  : 
		Unchanged: 
 Data sizes:     COMMON   BANK0   BANK1   BANK3   BANK2
      Params:         5       0       0       0       0
      Locals:         0       1       0       0       0
      Temps:          1       0       0       0       0
      Totals:         6       1       0       0       0
Total ram usage:        7 bytes
 Hardware stack levels used:    1
 Hardware stack levels required when called:    4
 This function calls:
		_Control
		_impresion
 This function is called by:
		_main
		_LCDCONT
		_POTENCIOMETRO
		_FOTORESIS
 This function uses a non-reentrant model


 *************** function _impresion *****************
 Defined at:
		line 66 in file "LibreriaLCD.c"
 Parameters:    Size  Location     Type
  valor           1    wreg     PTR unsigned char 
		 -> STR_43(2), STR_42(2), STR_41(2), STR_40(2), 
		 -> STR_39(2), STR_38(2), STR_37(2), STR_36(2), 
		 -> STR_35(2), STR_34(2), STR_33(2), STR_32(2), 
		 -> STR_31(2), STR_30(2), STR_29(2), STR_28(2), 
		 -> STR_27(2), STR_26(2), STR_25(2), STR_24(2), 
		 -> STR_23(3), STR_22(3), STR_21(3), STR_20(3), 
		 -> STR_19(3), STR_18(3), STR_17(3), STR_16(3), 
		 -> STR_15(3), STR_14(3), STR_13(3), STR_12(3), 
		 -> STR_11(3), STR_10(3), STR_9(3), STR_8(3), 
		 -> STR_7(3), STR_6(17), STR_5(17), STR_4(6), 
		 -> STR_3(16), STR_2(6), STR_1(16), 
 Auto vars:     Size  Location     Type
  valor           1    7[COMMON] PTR unsigned char 
		 -> STR_43(2), STR_42(2), STR_41(2), STR_40(2), 
		 -> STR_39(2), STR_38(2), STR_37(2), STR_36(2), 
		 -> STR_35(2), STR_34(2), STR_33(2), STR_32(2), 
		 -> STR_31(2), STR_30(2), STR_29(2), STR_28(2), 
		 -> STR_27(2), STR_26(2), STR_25(2), STR_24(2), 
		 -> STR_23(3), STR_22(3), STR_21(3), STR_20(3), 
		 -> STR_19(3), STR_18(3), STR_17(3), STR_16(3), 
		 -> STR_15(3), STR_14(3), STR_13(3), STR_12(3), 
		 -> STR_11(3), STR_10(3), STR_9(3), STR_8(3), 
		 -> STR_7(3), STR_6(17), STR_5(17), STR_4(6), 
		 -> STR_3(16), STR_2(6), STR_1(16), 
 Return value:  Size  Location     Type
                  1    wreg      void 
 Registers used:
		wreg, fsr0l, fsr0h, status,2, status,0, pclath, cstack
 Tracked objects:
		On entry : 
		On exit  : 
		Unchanged: 
 Data sizes:     COMMON   BANK0   BANK1   BANK3   BANK2
      Params:         0       0       0       0       0
      Locals:         1       0       0       0       0
      Temps:          1       0       0       0       0
      Totals:         2       0       0       0       0
Total ram usage:        2 bytes
 Hardware stack levels used:    1
 Hardware stack levels required when called:    3
 This function calls:
		_ON
 This function is called by:
		_lcddirection
 This function uses a non-reentrant model


 *************** function _ON *****************
 Defined at:
		line 44 in file "LibreriaLCD.c"
 Parameters:    Size  Location     Type
  valor1          1    wreg     unsigned char 
 Auto vars:     Size  Location     Type
  valor1          1    5[COMMON] unsigned char 
 Return value:  Size  Location     Type
                  1    wreg      void 
 Registers used:
		wreg, status,2, status,0, pclath, cstack
 Tracked objects:
		On entry : 
		On exit  : 
		Unchanged: 
 Data sizes:     COMMON   BANK0   BANK1   BANK3   BANK2
      Params:         0       0       0       0       0
      Locals:         1       0       0       0       0
      Temps:          0       0       0       0       0
      Totals:         1       0       0       0       0
Total ram usage:        1 bytes
 Hardware stack levels used:    1
 Hardware stack levels required when called:    2
 This function calls:
		_Tiempocontrol
		_delay_us
 This function is called by:
		_impresion
 This function uses a non-reentrant model


 *************** function _Control *****************
 Defined at:
		line 37 in file "LibreriaLCD.c"
 Parameters:    Size  Location     Type
  valor           1    wreg     unsigned char 
 Auto vars:     Size  Location     Type
  valor           1    7[COMMON] unsigned char 
 Return value:  Size  Location     Type
                  1    wreg      void 
 Registers used:
		wreg, status,2, status,0, btemp+1, pclath, cstack
 Tracked objects:
		On entry : 
		On exit  : 
		Unchanged: 
 Data sizes:     COMMON   BANK0   BANK1   BANK3   BANK2
      Params:         0       0       0       0       0
      Locals:         1       0       0       0       0
      Temps:          0       0       0       0       0
      Totals:         1       0       0       0       0
Total ram usage:        1 bytes
 Hardware stack levels used:    1
 Hardware stack levels required when called:    2
 This function calls:
		_Tiempocontrol
		_delay_ms
 This function is called by:
		_LCDvalue
		_lcddirection
		_clean
 This function uses a non-reentrant model


 *************** function _delay_ms *****************
 Defined at:
		line 19 in file "LibreriaLCD.c"
 Parameters:    Size  Location     Type
  dms             2    0[COMMON] int 
 Auto vars:     Size  Location     Type
  j               2    5[COMMON] int 
  i               2    3[COMMON] int 
 Return value:  Size  Location     Type
                  1    wreg      void 
 Registers used:
		wreg, status,2, btemp+1
 Tracked objects:
		On entry : 
		On exit  : 
		Unchanged: 
 Data sizes:     COMMON   BANK0   BANK1   BANK3   BANK2
      Params:         2       0       0       0       0
      Locals:         4       0       0       0       0
      Temps:          1       0       0       0       0
      Totals:         7       0       0       0       0
Total ram usage:        7 bytes
 Hardware stack levels used:    1
 This function calls:
		Nothing
 This function is called by:
		_main
		_Control
		_LCDvalue
 This function uses a non-reentrant model


 *************** function _Tiempocontrol *****************
 Defined at:
		line 30 in file "LibreriaLCD.c"
 Parameters:    Size  Location     Type
		None
 Auto vars:     Size  Location     Type
		None
 Return value:  Size  Location     Type
                  1    wreg      void 
 Registers used:
		wreg, status,2, status,0, pclath, cstack
 Tracked objects:
		On entry : 
		On exit  : 
		Unchanged: 
 Data sizes:     COMMON   BANK0   BANK1   BANK3   BANK2
      Params:         0       0       0       0       0
      Locals:         0       0       0       0       0
      Temps:          0       0       0       0       0
      Totals:         0       0       0       0       0
Total ram usage:        0 bytes
 Hardware stack levels used:    1
 Hardware stack levels required when called:    1
 This function calls:
		_delay_us
 This function is called by:
		_Control
		_ON
 This function uses a non-reentrant model


 *************** function _delay_us *****************
 Defined at:
		line 25 in file "LibreriaLCD.c"
 Parameters:    Size  Location     Type
  dus             2    0[COMMON] int 
 Auto vars:     Size  Location     Type
  i               2    3[COMMON] int 
 Return value:  Size  Location     Type
                  1    wreg      void 
 Registers used:
		wreg, status,2
 Tracked objects:
		On entry : 
		On exit  : 
		Unchanged: 
 Data sizes:     COMMON   BANK0   BANK1   BANK3   BANK2
      Params:         2       0       0       0       0
      Locals:         2       0       0       0       0
      Temps:          1       0       0       0       0
      Totals:         5       0       0       0       0
Total ram usage:        5 bytes
 Hardware stack levels used:    1
 This function calls:
		Nothing
 This function is called by:
		_Tiempocontrol
		_ON
 This function uses a non-reentrant model


 *************** function ___awmod *****************
 Defined at:
		line 5 in file "C:\Program Files (x86)\Microchip\xc8\v2.10\pic\sources\c90\common\awmod.c"
 Parameters:    Size  Location     Type
  divisor         2    0[COMMON] int 
  dividend        2    2[COMMON] int 
 Auto vars:     Size  Location     Type
  sign            1    6[COMMON] unsigned char 
  counter         1    5[COMMON] unsigned char 
 Return value:  Size  Location     Type
                  2    0[COMMON] int 
 Registers used:
		wreg, status,2, status,0
 Tracked objects:
		On entry : 
		On exit  : 
		Unchanged: 
 Data sizes:     COMMON   BANK0   BANK1   BANK3   BANK2
      Params:         4       0       0       0       0
      Locals:         2       0       0       0       0
      Temps:          1       0       0       0       0
      Totals:         7       0       0       0       0
Total ram usage:        7 bytes
 Hardware stack levels used:    1
 This function calls:
		Nothing
 This function is called by:
		_POTENCIOMETRO
		_FOTORESIS
 This function uses a non-reentrant model


 *************** function ___awdiv *****************
 Defined at:
		line 5 in file "C:\Program Files (x86)\Microchip\xc8\v2.10\pic\sources\c90\common\awdiv.c"
 Parameters:    Size  Location     Type
  divisor         2    7[COMMON] int 
  dividend        2    9[COMMON] int 
 Auto vars:     Size  Location     Type
  quotient        2    2[BANK0 ] int 
  sign            1    1[BANK0 ] unsigned char 
  counter         1    0[BANK0 ] unsigned char 
 Return value:  Size  Location     Type
                  2    7[COMMON] int 
 Registers used:
		wreg, status,2, status,0
 Tracked objects:
		On entry : 
		On exit  : 
		Unchanged: 
 Data sizes:     COMMON   BANK0   BANK1   BANK3   BANK2
      Params:         4       0       0       0       0
      Locals:         0       4       0       0       0
      Temps:          1       0       0       0       0
      Totals:         5       4       0       0       0
Total ram usage:        9 bytes
 Hardware stack levels used:    1
 This function calls:
		Nothing
 This function is called by:
		_POTENCIOMETRO
		_FOTORESIS
 This function uses a non-reentrant model



MODULE INFORMATION

Module		Function		Class		Link	Load	Size
C:\Program Files (x86)\Microchip\xc8\v2.10\pic\sources\c90\common\awdiv.c
		___awdiv       		CODE           	009C	0000	106

C:\Program Files (x86)\Microchip\xc8\v2.10\pic\sources\c90\common\awdiv.c estimated size: 106

I2C.c
		_I2C_Master_Read		CODE           	0EDB	0000	47
		_I2C_Master_Wait		CODE           	008F	0000	14
		_I2C_Master_Init		CODE           	0F09	0000	57
		_I2C_Master_Stop		CODE           	0DB3	0000	10
		_I2C_Master_Write		CODE           	0DBC	0000	11
		_I2C_Master_Start		CODE           	0DAA	0000	10

I2C.c estimated size: 149

C:\Program Files (x86)\Microchip\xc8\v2.10\pic\sources\c90\common\__lldiv.c
		___lldiv       		CODE           	0F9A	0000	103

C:\Program Files (x86)\Microchip\xc8\v2.10\pic\sources\c90\common\__lldiv.c estimated size: 103

shared
		__stringtab    		STRING         	0003	0000	7
		__initialization		CODE           	07F3	0000	10

shared estimated size: 17

MASTALCD.c
		_Properties    		CODE           	0DF0	0000	24
		_main          		CODE           	0105	0000	305

MASTALCD.c estimated size: 329

LibreriaLCD.c
		_clean         		CODE           	0D9B	0000	8
		_lcddirection  		CODE           	0E57	0000	44
		_LCDCONT       		CODE           	0235	0000	366
		_delay_us      		CODE           	0E07	0000	25
		_impresion     		CODE           	0E38	0000	32
		_ON            		CODE           	0DDB	0000	22
		_Tiempocontrol 		CODE           	0E1F	0000	26
		_LCDvalue      		CODE           	0E82	0000	45
		_delay_ms      		CODE           	0EAE	0000	46
		_FOTORESIS     		CODE           	05C9	0000	555
		_POTENCIOMETRO 		CODE           	03A2	0000	552
		_Control       		CODE           	0DC6	0000	22

LibreriaLCD.c estimated size: 1743

C:\Program Files (x86)\Microchip\xc8\v2.10\pic\sources\c90\common\awmod.c
		___awmod       		CODE           	0F41	0000	90

C:\Program Files (x86)\Microchip\xc8\v2.10\pic\sources\c90\common\awmod.c estimated size: 90

